[backblue.gif]
[fade.gif]
[index.html]
[limbs.gov.in/favicon.ico]
[limbs.gov.in/js/jquery-3.3.1.js]
[limbs.gov.in/js/jquery.min.js]
[limbs.gov.in/js/bootstrap.min.js]
[limbs.gov.in/js/fusioncharts.js]
[limbs.gov.in/js/barr.js]
[limbs.gov.in/js/highcharts.js]
[limbs.gov.in/js/drilldown.js]
[limbs.gov.in/js/themes/fusioncharts.theme.fint.js]
[limbs.gov.in/js/jquery-1.11.1.min.js]
[limbs.gov.in/js/jquery-ui.min.js]
[limbs.gov.in/js/utility.js]
[limbs.gov.in/js/demo.js]
[limbs.gov.in/js/main.js]
[limbs.gov.in/js/amcharts.js]
[limbs.gov.in/js/pie.js]
[limbs.gov.in/js/light.js]
[limbs.gov.in/js/serial.js]
[limbs.gov.in/js/dark.js]
[limbs.gov.in/js/highcharts-3d.js]
[limbs.gov.in/js/data.js]
[limbs.gov.in/js/jquery.dataTables.min.js]
[limbs.gov.in/js/jspdf.debug.js]
[limbs.gov.in/SCDG_header.png]
[limbs.gov.in/ic_pdf.png]
[limbs.gov.in/ic_excel.png]
[limbs.gov.in/sci_logo.png]
[limbs.gov.in/js/canvasjs.min.js]
[limbs.gov.in/index.html]
[limbs.gov.in/css_nn/bootstrap.css]
[limbs.gov.in/css_nn/style.css]
[limbs.gov.in/css/style.css]
[limbs.gov.in/css/bootstrap.min.css]
[limbs.gov.in/fonts/fontawesome-webfont5b62.eot]
[limbs.gov.in/fonts/fontawesome-webfontd41d.eot]
[limbs.gov.in/fonts/fontawesome-webfont5b62.woff]
[limbs.gov.in/fonts/fontawesome-webfont5b62.ttf]
[limbs.gov.in/css/font-awesome.min.css]
[limbs.gov.in/css/dashboard-style.css]
[limbs.gov.in/css-new/pgallery.css]
[limbs.gov.in/css-new/style.html]
[limbs.gov.in/css-new/jquery.dataTables.min.css]
[limbs.gov.in/ajaxfile1cfc2.html]
[limbs.gov.in/Institution_Vs_disposal.html]
[limbs.gov.in/limbs/favicon.ico]
[limbs.gov.in/limbs/assets/dist/js/sha256.js]
[limbs.gov.in/limbs/assets/dist/img/limbs.png]
[limbs.gov.in/limbs/assets/dist/img/swachh-bharat-1.png]
[limbs.gov.in/limbs/limbs-guidelines.pdf]
[limbs.gov.in/limbs/captcha_images/1589968192.1571.jpg]
[limbs.gov.in/limbs/assets/plugins/jquery/jquery.min.js]
[limbs.gov.in/limbs/assets/plugins/bootstrap/js/bootstrap.bundle.min.js]
[limbs.gov.in/limbs/assets/dist/js/adminlte.js]
[limbs.gov.in/limbs/assets/plugins/parsley/parsley.js]
[limbs.gov.in/limbs/index.html]
[limbs.gov.in/fonts/glyphicons-halflings-regular.html]
[limbs.gov.in/fonts/glyphicons-halflings-regulard41d.html]
[limbs.gov.in/fonts/glyphicons-halflings-regular-2.html]
[limbs.gov.in/fonts/glyphicons-halflings-regular-3.html]
[limbs.gov.in/fonts/glyphicons-halflings-regular-4.html]
[limbs.gov.in/fonts/glyphicons-halflings-regular-5.html]
[limbs.gov.in/font/fonts/fontawesome-webfont862f.html]
[limbs.gov.in/font/fonts/fontawesome-webfont.html]
[limbs.gov.in/images/banner2.html]
[limbs.gov.in/fonts/fontawesome-webfont5b62.html]
[limbs.gov.in/fonts/fontawesome-webfont5b62.svg]
[limbs.gov.in/images/sort_both.html]
[limbs.gov.in/images/sort_asc.html]
[limbs.gov.in/css-new/images/sort_desc.html]
[limbs.gov.in/css-new/images/sort_asc_disabled.html]
[limbs.gov.in/images/sort_desc_disabled.html]
[limbs.gov.in/limbs/assets/plugins/fontawesome-free/webfonts/fa-brands-400.eot]
[limbs.gov.in/limbs/assets/plugins/fontawesome-free/webfonts/fa-brands-400d41d.eot]
[limbs.gov.in/limbs/assets/plugins/fontawesome-free/webfonts/fa-brands-400.woff]
[limbs.gov.in/limbs/assets/plugins/fontawesome-free/webfonts/fa-brands-400.ttf]
[limbs.gov.in/limbs/assets/plugins/fontawesome-free/webfonts/fa-regular-400.eot]
[limbs.gov.in/limbs/assets/plugins/fontawesome-free/webfonts/fa-regular-400d41d.eot]
[limbs.gov.in/limbs/assets/plugins/fontawesome-free/webfonts/fa-regular-400.woff]
[limbs.gov.in/limbs/assets/plugins/fontawesome-free/webfonts/fa-regular-400.ttf]
[limbs.gov.in/limbs/assets/plugins/fontawesome-free/webfonts/fa-solid-900.eot]
[limbs.gov.in/limbs/assets/plugins/fontawesome-free/webfonts/fa-solid-900d41d.eot]
[limbs.gov.in/limbs/assets/plugins/fontawesome-free/webfonts/fa-solid-900.woff]
[limbs.gov.in/limbs/assets/plugins/fontawesome-free/webfonts/fa-solid-900.ttf]
[limbs.gov.in/limbs/assets/plugins/fontawesome-free/css/all.min.css]
[limbs.gov.in/limbs/assets/plugins/overlayScrollbars/css/OverlayScrollbars.min.css]
[limbs.gov.in/limbs/assets/dist/css/adminlte.min.css]
[limbs.gov.in/limbs/assets/dist/img/sb-bg.jpg]
[limbs.gov.in/limbs/assets/dist/css/custom.css]
[limbs.gov.in/limbs/assets/plugins/parsley/parsley.css]
[limbs.gov.in/limbs/assets/plugins/overlayScrollbars/js/jquery.overlayScrollbars.min.js]
[limbs.gov.in/limbs/helpdesk.html]
[limbs.gov.in/limbs/viewministry.html]
[limbs.gov.in/limbs/limbs-guidelines.pdf]
[limbs.gov.in/limbs/captcha_images/1589968307.1413.jpg]
[limbs.gov.in/limbs/assets/datepicker/jquery-1.12.4.js]
[limbs.gov.in/limbs/assets/datepicker/jquery-ui.js]
[limbs.gov.in/limbs/assets/dist/js/custom.js]
[limbs.gov.in/limbs/assets/dist/js/cookie.js]
[limbs.gov.in/limbs/login/forgetpassword.html]
[limbs.gov.in/limbs/captcha_images/1589968307.5604.jpg]
[limbs.gov.in/limbs/login/forgetpasswordadv.html]
[limbs.gov.in/limbs/images/background_box_02.html]
[limbs.gov.in/limbs/assets/plugins/fontawesome-free/webfonts/fa-brands-400.html]
[limbs.gov.in/limbs/assets/plugins/fontawesome-free/webfonts/fa-brands-400.svg]
[limbs.gov.in/limbs/assets/plugins/fontawesome-free/webfonts/fa-regular-400.html]
[limbs.gov.in/limbs/assets/plugins/fontawesome-free/webfonts/fa-regular-400.svg]
[limbs.gov.in/limbs/assets/plugins/fontawesome-free/webfonts/fa-solid-900.html]
[limbs.gov.in/limbs/assets/plugins/fontawesome-free/webfonts/fa-solid-900.svg]
[limbs.gov.in/limbs/assets/dist/js/jquery.min.html]
